// Jest Snapshot v1, https://goo.gl/fbAQLP

exports[`About component Test 1 Snapshot testing 1`] = `
<div
  className="AboutContainer"
/>
`;
