// Jest Snapshot v1, https://goo.gl/fbAQLP

exports[`Login component Test Snapshot testing 1`] = `
<div
  className="ImportContainer"
/>
`;
