// Jest Snapshot v1, https://goo.gl/fbAQLP

exports[`collateralized component Test UI Test 1`] = `
<div
  className="Item"
>
  <div
    className="ItemHeader"
    id="transfer"
    onClick={[Function]}
  >
    <svg
      className="Item_icon_rotate"
      fill="currentColor"
      height="1em"
      stroke="currentColor"
      strokeWidth="0"
      style={
        Object {
          "color": undefined,
        }
      }
      viewBox="0 0 1024 1024"
      width="1em"
      xmlns="http://www.w3.org/2000/svg"
    >
      <path
        d="M884 256h-75c-5.1 0-9.9 2.5-12.9 6.6L512 654.2 227.9 262.6c-3-4.1-7.8-6.6-12.9-6.6h-75c-6.5 0-10.3 7.4-6.5 12.7l352.6 486.1c12.8 17.6 39 17.6 51.7 0l352.6-486.1c3.9-5.3.1-12.7-6.4-12.7z"
      />
    </svg>
    <div
      className="Item_title"
    >
      Collateralized Convert
    </div>
  </div>
</div>
`;
